Found executable.  Assuming CMAKE already run
Compiling preqx:
[  6%] Built target timing
[ 32%] Built target pio
[ 33%] Building Fortran object src/preqx/CMakeFiles/preqx.dir/__/share/prim_advection_mod.F90.o
Linking Fortran executable preqx
[100%] Built target preqx
Wed Feb 11 12:53:30 MST 2015
 number of MPI processes:            2
 (t_initf) Read in prof_inparm namelist from: input.nl
 (t_initf) Using profile_disable= F  profile_timer=           1
 (t_initf)  profile_depth_limit=       99999  profile_detail_limit=           1
 (t_initf)  profile_barrier= F  profile_outpe_num=         512
 (t_initf)  profile_outpe_stride=           1  profile_single_file= T
 (t_initf)  profile_global_stats= T  profile_papi_enable= F
 reading ctl namelist...
 Reading namelist ctl_nl from standard input
 reading filter namelist...
 reading physics namelist...
 reading vertical namelist...
   vform =
 ccm                                                                            
                                                                                
                                                                                
    
   vfile_mid=
 vcoord/sabm-64.ascii                                                           
                                                                                
                                                                                
    
   vfile_int=
 vcoord/sabi-64.ascii                                                           
                                                                                
                                                                                
    
 reading aquaplanet namelist...
 reading analysis namelist...
 Mesh File:none
 Reference element projection: cubed_sphere_map=           0
 done reading namelist...
 readnl: accum         =           -1         200        1200
 readnl: topology      = cube
 readnl: test_case     = asp_tracer
 readnl: omega         =   7.292000000000000E-005
 readnl: sub_case      =            1
 readnl: ndays         =            0
 readnl: nmax          =           10
 readnl: pertlim       =   0.000000000000000E+000
 readnl: qsize,qsize_d =            4          60
 readnl: ntrac,ntrac_d =            0           4
 readnl: NThreads      =            1
 readnl: vert_num_threads =            1
 readnl: nthreads_accel =           -1
 readnl: ne,np         =            8           4
 readnl: partmethod    =            4
 readnl: nmpi_per_node =            2
 readnl: multilevel    =            1
 readnl: useframes     =            0
 readnl: nnodes        =            1
 readnl: npart         =            2
 readnl: test_cfldep   =  F
 
 readnl: integration   = explicit
 readnl: LF-trapazoidal freq=            0
 readnl: rk_stage_user   =            3
 readnl: tracer_advection_formulation  =            1
 readnl: use_semi_lagrange_transport   =  F
 readnl: use_semi_lagrange_transport_local_conservation= F
 readnl: tstep_type    =            1
 readnl: vert_remap_q_alg  =            0
 readnl: tstep          =    1440.00000000000     
 readnl: ftype          =            0
 readnl: limiter_option =            8
 filter: smooth         =   0.000000000000000E+000
 readnl: qsplit        =            1
 readnl: vertical remap frequency rsplit (0=disabled):            0
 readnl: physics       =            0
 readnl: energy_fixer  =           -1
 readnl: runtype       =            0
 readnl: se_prescribed_wind_2d =  F
 Constant (hyper)viscosity used.
 hypervis_subcycle, hypervis_subcycle_q =            1           1
viscosity:  nu (vor/div) =  0.00E+00 0.00E+00
viscosity:  nu_s      =  0.00E+00
viscosity:  nu_q      =  0.20E+17
viscosity:  nu_p      =  0.00E+00
viscosity:  nu_top      =  0.00E+00
 PHIS smoothing:             0  0.000000000000000E+000
 SGH  smoothing:             0
 cooling:  cool_ampl             =   0.000000000000000E+000
 cooling:  cool_min              =   0.000000000000000E+000
 cooling:  cool_max              =   0.000000000000000E+000
 moisture: qv_flag               =            0
 moisture: qv_pert_flag          =            0
 moisture: qv_pert_ampl          =   0.000000000000000E+000
 moisture: qv_pert_zmin          =   0.000000000000000E+000
 moisture: qv_pert_zmax          =   0.000000000000000E+000
 surface:  isrf_forc             =            0
 surface:  h_dis                 =   0.000000000000000E+000
 surface:  Cdrag                 =   0.000000000000000E+000
 surface:  wstar                 =   0.000000000000000E+000
 surface:  tsurf                 =   0.000000000000000E+000
 surface:  qsurf                 =   0.000000000000000E+000
 wind:     u0                    =   0.000000000000000E+000
 absorber: zabsampl              =   0.000000000000000E+000
 absorber: zabsmid               =   0.000000000000000E+000
 absorber: zabsmin               =   0.000000000000000E+000
 noise   : noisef  0 off,  >0 on =            0
 noise   : noisef>0 indicate nr of first grid point 
 noise   : to which noise function is applied       
   analysis: output_prefix = 
   analysis: io_stride =            2
   analysis: num_io_procs =            1
   analysis stream     :           1
   analysis : start_time           0
   analysis : end_time           600
   analysis : frequency           60
   analysis : variables   Q  Q2              
                  
                  
                  
                  

 Eulerian tracer advection on GLL grid
  analysis interpolation =  F F F F F F F F
 REPRO_SUM_SETOPTS: Using fixed-point-based (scalable) reproducible 
 distributed sum algorithm
                     and not comparing with floating point algorithms.
 Initialized repro_sum
 
  total simulated time =    14400.0000000000     
 
 
 ============================================
         Testing Gaussian Quadrature...
 
           points              weights
 ============================================
           1 -0.861136311594052575223946488892810      
  0.347854845137453857373063949221999      
           2 -0.339981043584856264802665759103245      
  0.652145154862546142626936050778001      
           3  0.339981043584856264802665759103245      
  0.652145154862546142626936050778001      
           4  0.861136311594052575223946488892810      
  0.347854845137453857373063949221999      
 ============================================
 sum of Gaussian weights=   2.00000000000000     
 ============================================
 
 ============================================
       Testing Gauss-Lobatto Quadrature...
 
           points              weights
 ============================================
           1  -1.00000000000000000000000000000000      
  0.166666666666666666666666666666667      
           2 -0.447213595499957939281834733746255      
  0.833333333333333333333333333333333      
           3  0.447213595499957939281834733746255      
  0.833333333333333333333333333333333      
           4   1.00000000000000000000000000000000      
  0.166666666666666666666666666666667      
 ============================================
 sum of Gauss-Lobatto weights=   2.00000000000000     
 ============================================
 creating cube topology...
 ...done.
 total number of elements nelem =          384
 partitioning graph using SF Curve...
 init shared boundary_exchange buffers
 initializing cube elements...
 running mass_matrix
 re-initializing cube elements: area correction= 0.99999999846388754
 re-running mass_matrix
 running global_dof
 PrintStateDescriptor:
component   1 length= 6144 displacement=      0
component   2 length= 3072 displacement=  49152
component   3 length=   48 displacement=  73728
component   4 length=   48 displacement=  74112
component   5 length=   16 displacement=  74496
component   6 length=61440 displacement=  74624
component   7 length=***** displacement= 566144
component   8 length= 3072 displacement=1549184
 Main:NThreads=           1
 Main:n_domains =            1
process:  1 thread:  0 element limits:     1 -   192
 end of prim_init
process:  0 thread:  0 element limits:     1 -   192
1 Layer Locations (*1000) 
   1    0.0000              0.0000              0.0000
                  0.0000              7.8125              7.8125
   2    0.0000             15.6250             15.6250
                  0.0000             23.4375             23.4375
   3    0.0000             31.2500             31.2500
                  0.0000             39.0625             39.0625
   4    0.0000             46.8750             46.8750
                  0.0000             54.6875             54.6875
   5    0.0000             62.5000             62.5000
                  0.0000             70.3125             70.3125
   6    0.0000             78.1250             78.1250
                  0.0000             85.9375             85.9375
   7    0.0000             93.7500             93.7500
                  0.0000            101.5625            101.5625
   8    0.0000            109.3750            109.3750
                  0.0000            117.1875            117.1875
   9    0.0000            125.0000            125.0000
                  0.0000            132.8125            132.8125
  10    0.0000            140.6250            140.6250
                  0.0000            148.4375            148.4375
  11    0.0000            156.2500            156.2500
                  0.0000            164.0625            164.0625
  12    0.0000            171.8750            171.8750
                  0.0000            179.6875            179.6875
  13    0.0000            187.5000            187.5000
                  0.0000            195.3125            195.3125
  14    0.0000            203.1250            203.1250
                  0.0000            210.9375            210.9375
  15    0.0000            218.7500            218.7500
                  0.0000            226.5625            226.5625
  16    0.0000            234.3750            234.3750
                  0.0000            242.1875            242.1875
  17    0.0000            250.0000            250.0000
                  0.0000            257.8125            257.8125
  18    0.0000            265.6250            265.6250
                  0.0000            273.4375            273.4375
  19    0.0000            281.2500            281.2500
                  0.0000            289.0625            289.0625
  20    0.0000            296.8750            296.8750
                  0.0000            304.6875            304.6875
  21    0.0000            312.5000            312.5000
                  0.0000            320.3125            320.3125
  22    0.0000            328.1250            328.1250
                  0.0000            335.9375            335.9375
  23    0.0000            343.7500            343.7500
                  0.0000            351.5625            351.5625
  24    0.0000            359.3750            359.3750
                  0.0000            367.1875            367.1875
  25    0.0000            375.0000            375.0000
                  0.0000            382.8125            382.8125
  26    0.0000            390.6250            390.6250
                  0.0000            398.4375            398.4375
  27    0.0000            406.2500            406.2500
                  0.0000            414.0625            414.0625
  28    0.0000            421.8750            421.8750
                  0.0000            429.6875            429.6875
  29    0.0000            437.5000            437.5000
                  0.0000            445.3125            445.3125
  30    0.0000            453.1250            453.1250
                  0.0000            460.9375            460.9375
  31    0.0000            468.7500            468.7500
                  0.0000            476.5625            476.5625
  32    0.0000            484.3750            484.3750
                  0.0000            492.1875            492.1875
  33    0.0000            500.0000            500.0000
                  0.0000            507.8125            507.8125
  34    0.0000            515.6250            515.6250
                  0.0000            523.4375            523.4375
  35    0.0000            531.2500            531.2500
                  0.0000            539.0625            539.0625
  36    0.0000            546.8750            546.8750
                  0.0000            554.6875            554.6875
  37    0.0000            562.5000            562.5000
                  0.0000            570.3125            570.3125
  38    0.0000            578.1250            578.1250
                  0.0000            585.9375            585.9375
  39    0.0000            593.7500            593.7500
                  0.0000            601.5625            601.5625
  40    0.0000            609.3750            609.3750
                  0.0000            617.1875            617.1875
  41    0.0000            625.0000            625.0000
                  0.0000            632.8125            632.8125
  42    0.0000            640.6250            640.6250
                  0.0000            648.4375            648.4375
  43    0.0000            656.2500            656.2500
                  0.0000            664.0625            664.0625
  44    0.0000            671.8750            671.8750
                  0.0000            679.6875            679.6875
  45    0.0000            687.5000            687.5000
                  0.0000            695.3125            695.3125
  46    0.0000            703.1250            703.1250
                  0.0000            710.9375            710.9375
  47    0.0000            718.7500            718.7500
                  0.0000            726.5625            726.5625
  48    0.0000            734.3750            734.3750
                  0.0000            742.1875            742.1875
  49    0.0000            750.0000            750.0000
                  0.0000            757.8125            757.8125
  50    0.0000            765.6250            765.6250
                  0.0000            773.4375            773.4375
  51    0.0000            781.2500            781.2500
                  0.0000            789.0625            789.0625
  52    0.0000            796.8750            796.8750
                  0.0000            804.6875            804.6875
  53    0.0000            812.5000            812.5000
                  0.0000            820.3125            820.3125
  54    0.0000            828.1250            828.1250
                  0.0000            835.9375            835.9375
  55    0.0000            843.7500            843.7500
                  0.0000            851.5625            851.5625
  56    0.0000            859.3750            859.3750
                  0.0000            867.1875            867.1875
  57    0.0000            875.0000            875.0000
                  0.0000            882.8125            882.8125
  58    0.0000            890.6250            890.6250
                  0.0000            898.4375            898.4375
  59    0.0000            906.2500            906.2500
                  0.0000            914.0625            914.0625
  60    0.0000            921.8750            921.8750
                  0.0000            929.6875            929.6875
  61    0.0000            937.5000            937.5000
                  0.0000            945.3125            945.3125
  62    0.0000            953.1250            953.1250
                  0.0000            960.9375            960.9375
  63    0.0000            968.7500            968.7500
                  0.0000            976.5625            976.5625
  64    0.0000            984.3750            984.3750
                  0.0000            992.1875            992.1875
  65    0.0000           1000.0000           1000.0000
 Primitive Equation Initialization...
 
 Running Global Integral Diagnostic...
 Area of unit sphere is   1.00000000000000     
 Should be 1.0 to round off...
Element area:  max/min    1.278
Average equatorial node spacing (deg, km) =  3.750  417.31
norm of Dinv (min, max):    10.574   15.279
Max Dinv-based element distortion:     1.73
dx based on Dinv svd:          ave,min,max =   327.65  278.21  402.01
dx based on sqrt element area: ave,min,max =   384.47  366.84  414.68
  runtype: INITIAL primitive equations
 initializing pure tracer advection tests
 ...done
CFL estimates in terms of S=time step stability region
(i.e. advection w/leapfrog: S=1, viscosity w/forward Euler: S=2)
SSP preservation (120m/s) RKSSP euler step dt  < S *    579.59s
Stability: advective (120m/s)   dt_tracer < S *   1269.19s
Stability: advective (120m/s)   dt_tracer < S *   1269.19s
Stability: gravity wave(342m/s)   dt_dyn  < S *    445.33s
 tstep_type =            1
dt_remap: (0=disabled)        0.00
dt_tracer (SE), per RK stage:   1440.00   720.00
dt_dyn:                    1440.00
dt_dyn (viscosity):        1440.00
dt_tracer (viscosity):     1440.00
 initial state:
 nstep=           0  time=  0.000000000000000E+000  [day]
  u     =   0.236422579288009E-14  0.386107373085228E+02  0.119570291672785E+08
  v     =   0.000000000000000E+00  0.000000000000000E+00  0.000000000000000E+00
  omega =   0.000000000000000E+00  0.000000000000000E+00  0.000000000000000E+00
  t     =   0.300000000000000E+03  0.300000000000000E+03  0.117964800000000E+09
      qv=   0.000000000000000E+00  0.999995629411349E+00  0.327149139778654E+03
      qv=   0.000000000000000E+00  0.100000000000000E+01  0.708000000000000E+03
      qv=   0.000000000000000E+00  0.000000000000000E+00  0.000000000000000E+00
      qv=   0.000000000000000E+00  0.000000000000000E+00  0.000000000000000E+00
      ps=   0.100000000000000E+06  0.100000000000000E+06  0.614400000000000E+09
      M =   0.101976716676049E+05 kg/m^2  0.100000000000000E+06 mb     
 Directory 
 ./movies/                                                                      
                                                                                
                                                                                
     does exist: initialing IO
 Setting mpi info: cb_nodes=1
 Opening file ./movies/asp_tracer1.nc      -65536 netcdf   
 registering NETCDF variables
 writing coordinates ios=           1
 done writing coordinates ios=           1
 writing Q 
 writing Q2
 Entering main timestepping loop
 nstep=           1  time=  1.666666666666667E-002  [day]
  u     =   0.236422579288009E-14  0.386107373085228E+02  0.119570291672785E+08
  v     =   0.000000000000000E+00  0.000000000000000E+00  0.000000000000000E+00
  omega =   0.000000000000000E+00  0.000000000000000E+00  0.000000000000000E+00
  t     =   0.300000000000000E+03  0.300000000000000E+03  0.117964800000000E+09
      qv=  -0.113686910294931E-17  0.999635501053954E+00  0.326939741967722E+03
      qv=  -0.116415321826935E-14  0.100000000000001E+01  0.702799889537357E+03
      qv=   0.000000000000000E+00  0.000000000000000E+00  0.000000000000000E+00
      qv=   0.000000000000000E+00  0.000000000000000E+00  0.000000000000000E+00
      ps=   0.999993775304237E+05  0.100000622469576E+06  0.614400000000000E+09
      M =   0.101976716676049E+05 kg/m^2  0.100000000000000E+06 mb     
 nstep=           2  time=  3.333333333333333E-002  [day]
  u     =   0.236422579288009E-14  0.386107373085228E+02  0.119570291672785E+08
  v     =   0.000000000000000E+00  0.000000000000000E+00  0.000000000000000E+00
  omega =   0.000000000000000E+00  0.000000000000000E+00  0.000000000000000E+00
  t     =   0.300000000000000E+03  0.300000000000000E+03  0.117964800000000E+09
      qv=  -0.181898924959418E-16  0.999356265952677E+00  0.326788888290613E+03
      qv=  -0.582076539004616E-15  0.100000000000001E+01  0.698869332015105E+03
      qv=   0.000000000000000E+00  0.000000000000000E+00  0.000000000000000E+00
      qv=   0.000000000000000E+00  0.000000000000000E+00  0.000000000000000E+00
      ps=   0.999987317451863E+05  0.100001221623492E+06  0.614399994510276E+09
      M =   0.101976716676049E+05 kg/m^2  0.100000000000000E+06 mb     
**DYNAMICS**        J/m^2                    W/m^2                W/m^2    
KE,d/dt        0.50675257032570E+07 -0.54197799828317E-09
IE,d/dt        0.30745980077829E+10 -0.66227383083767E-09
PE,d/dt        0.00000000000000E+00  0.00000000000000E+00
 E,dE/dt       0.30796655334861E+10 -0.13245476616753E-08
Q1,Q diss, dQ^2/dt:  0.97734692558394E+01 kg/m^2  0.0000000E+00 -0.5229677E-05
Q2,Q diss, dQ^2/dt:  0.20127774153053E+02 kg/m^2  0.0000000E+00 -0.3906332E-03
Q3,Q diss, dQ^2/dt:  0.00000000000000E+00 kg/m^2  0.0000000E+00  0.0000000E+00
Q4,Q diss, dQ^2/dt:  0.00000000000000E+00 kg/m^2  0.0000000E+00  0.0000000E+00
Energy Fixer, Physics (except adjustments):
dKE/dt(W/m^2):   0.0000000E+00  0.3519115E+04
dIE/dt(W/m^2):   0.0000000E+00  0.2135138E+07
dPE/dt(W/m^2):   0.0000000E+00  0.0000000E+00
 nstep=           3  time=  5.000000000000000E-002  [day]
  u     =   0.236422579288009E-14  0.386107373085228E+02  0.119570291672785E+08
  v     =   0.000000000000000E+00  0.000000000000000E+00  0.000000000000000E+00
  omega =   0.000000000000000E+00  0.000000000000000E+00  0.000000000000000E+00
  t     =   0.300000000000000E+03  0.300000000000000E+03  0.117964800000000E+09
      qv=  -0.363797196838712E-16  0.999184545246471E+00  0.326701402227900E+03
      qv=  -0.582076499178081E-15  0.100000000000001E+01  0.695051697629075E+03
      qv=   0.000000000000000E+00  0.000000000000000E+00  0.000000000000000E+00
      qv=   0.000000000000000E+00  0.000000000000000E+00  0.000000000000000E+00
      ps=   0.999980822730242E+05  0.100001777833010E+06  0.614399983530827E+09
      M =   0.101976716676049E+05 kg/m^2  0.100000000000000E+06 mb     
**DYNAMICS**        J/m^2                    W/m^2                W/m^2    
KE,d/dt        0.50675257032555E+07 -0.10813689894146E-08
IE,d/dt        0.30745980077829E+10  0.66227383083767E-09
PE,d/dt        0.00000000000000E+00  0.00000000000000E+00
 E,dE/dt       0.30796655334861E+10 -0.33113691541884E-09
Q1,Q diss, dQ^2/dt:  0.97734692558394E+01 kg/m^2  0.0000000E+00 -0.4821813E-05
Q2,Q diss, dQ^2/dt:  0.20127774153053E+02 kg/m^2  0.0000000E+00 -0.2892560E-03
Q3,Q diss, dQ^2/dt:  0.00000000000000E+00 kg/m^2  0.0000000E+00  0.0000000E+00
Q4,Q diss, dQ^2/dt:  0.00000000000000E+00 kg/m^2  0.0000000E+00  0.0000000E+00
Energy Fixer, Physics (except adjustments):
dKE/dt(W/m^2):   0.0000000E+00  0.3519115E+04
dIE/dt(W/m^2):   0.0000000E+00  0.2135138E+07
dPE/dt(W/m^2):   0.0000000E+00  0.0000000E+00
 nstep=           4  time=  6.666666666666667E-002  [day]
  u     =   0.236422579288009E-14  0.386107373085228E+02  0.119570291672785E+08
  v     =   0.000000000000000E+00  0.000000000000000E+00  0.000000000000000E+00
  omega =   0.000000000000000E+00  0.000000000000000E+00  0.000000000000000E+00
  t     =   0.300000000000000E+03  0.300000000000000E+03  0.117964800000000E+09
      qv=  -0.284217284139935E-16  0.999139192085573E+00  0.326639946404799E+03
      qv=  -0.582078273093632E-15  0.100000000000002E+01  0.691819663307419E+03
      qv=   0.000000000000000E+00  0.000000000000000E+00  0.000000000000000E+00
      qv=   0.000000000000000E+00  0.000000000000000E+00  0.000000000000000E+00
      ps=   0.999974505027448E+05  0.100002273229467E+06  0.614399965405205E+09
      M =   0.101976716676049E+05 kg/m^2  0.100000000000000E+06 mb     
**DYNAMICS**        J/m^2                    W/m^2                W/m^2    
KE,d/dt        0.50675257032532E+07 -0.16020041786962E-08
IE,d/dt        0.30745980077829E+10  0.00000000000000E+00
PE,d/dt        0.00000000000000E+00  0.00000000000000E+00
 E,dE/dt       0.30796655334861E+10 -0.16556845770942E-08
Q1,Q diss, dQ^2/dt:  0.97734692558394E+01 kg/m^2  0.0000000E+00 -0.4588983E-05
Q2,Q diss, dQ^2/dt:  0.20127774153053E+02 kg/m^2  0.0000000E+00 -0.2189172E-03
Q3,Q diss, dQ^2/dt:  0.00000000000000E+00 kg/m^2  0.0000000E+00  0.0000000E+00
Q4,Q diss, dQ^2/dt:  0.00000000000000E+00 kg/m^2  0.0000000E+00  0.0000000E+00
Energy Fixer, Physics (except adjustments):
dKE/dt(W/m^2):   0.0000000E+00  0.3519115E+04
dIE/dt(W/m^2):   0.0000000E+00  0.2135138E+07
dPE/dt(W/m^2):   0.0000000E+00  0.0000000E+00
 nstep=           5  time=  8.333333333333333E-002  [day]
  u     =   0.236422579288009E-14  0.386107373085228E+02  0.119570291672785E+08
  v     =   0.000000000000000E+00  0.000000000000000E+00  0.000000000000000E+00
  omega =   0.000000000000000E+00  0.000000000000000E+00  0.000000000000000E+00
  t     =   0.300000000000000E+03  0.300000000000000E+03  0.117964800000000E+09
      qv=  -0.363798630121062E-16  0.999139192085575E+00  0.326580818248595E+03
      qv=  -0.582078654935645E-15  0.100000000000002E+01  0.689297880118559E+03
      qv=   0.000000000000000E+00  0.000000000000000E+00  0.000000000000000E+00
      qv=   0.000000000000000E+00  0.000000000000000E+00  0.000000000000000E+00
      ps=   0.999968584424192E+05  0.100002756116359E+06  0.614399936820513E+09
      M =   0.101976716676049E+05 kg/m^2  0.100000000000000E+06 mb     
**DYNAMICS**        J/m^2                    W/m^2                W/m^2    
KE,d/dt        0.50675257032502E+07 -0.20760732392470E-08
IE,d/dt        0.30745980077829E+10 -0.66227383083767E-09
PE,d/dt        0.00000000000000E+00  0.00000000000000E+00
 E,dE/dt       0.30796655334861E+10 -0.26490953233507E-08
Q1,Q diss, dQ^2/dt:  0.97734692558394E+01 kg/m^2 -0.1233581E-17 -0.4026826E-05
Q2,Q diss, dQ^2/dt:  0.20127774153053E+02 kg/m^2  0.0000000E+00 -0.1674059E-03
Q3,Q diss, dQ^2/dt:  0.00000000000000E+00 kg/m^2  0.0000000E+00  0.0000000E+00
Q4,Q diss, dQ^2/dt:  0.00000000000000E+00 kg/m^2  0.0000000E+00  0.0000000E+00
Energy Fixer, Physics (except adjustments):
dKE/dt(W/m^2):   0.0000000E+00  0.3519115E+04
dIE/dt(W/m^2):   0.0000000E+00  0.2135138E+07
dPE/dt(W/m^2):   0.0000000E+00  0.0000000E+00
 nstep=           6  time=  0.100000000000000       [day]
  u     =   0.236422579288009E-14  0.386107373085228E+02  0.119570291672785E+08
  v     =   0.000000000000000E+00  0.000000000000000E+00  0.000000000000000E+00
  omega =   0.000000000000000E+00  0.000000000000000E+00  0.000000000000000E+00
  t     =   0.300000000000000E+03  0.300000000000000E+03  0.117964800000000E+09
      qv=  -0.363798734792374E-16  0.999139192085571E+00  0.326522929510392E+03
      qv=  -0.582078971639584E-15  0.100000000000002E+01  0.687352700857465E+03
      qv=   0.000000000000000E+00  0.000000000000000E+00  0.000000000000000E+00
      qv=   0.000000000000000E+00  0.000000000000000E+00  0.000000000000000E+00
      ps=   0.999963274446775E+05  0.100003445681165E+06  0.614399892924328E+09
      M =   0.101976716676049E+05 kg/m^2  0.100000000000000E+06 mb     
**DYNAMICS**        J/m^2                    W/m^2                W/m^2    
KE,d/dt        0.50675257032466E+07 -0.24880541281568E-08
IE,d/dt        0.30745980077829E+10  0.00000000000000E+00
PE,d/dt        0.00000000000000E+00  0.00000000000000E+00
 E,dE/dt       0.30796655334861E+10 -0.26490953233507E-08
Q1,Q diss, dQ^2/dt:  0.97734692558394E+01 kg/m^2  0.0000000E+00 -0.3818371E-05
Q2,Q diss, dQ^2/dt:  0.20127774153053E+02 kg/m^2  0.0000000E+00 -0.1305051E-03
Q3,Q diss, dQ^2/dt:  0.00000000000000E+00 kg/m^2  0.0000000E+00  0.0000000E+00
Q4,Q diss, dQ^2/dt:  0.00000000000000E+00 kg/m^2  0.0000000E+00  0.0000000E+00
Energy Fixer, Physics (except adjustments):
dKE/dt(W/m^2):   0.0000000E+00  0.3519115E+04
dIE/dt(W/m^2):   0.0000000E+00  0.2135138E+07
dPE/dt(W/m^2):   0.0000000E+00  0.0000000E+00
 nstep=           7  time=  0.116666666666667       [day]
  u     =   0.236422579288009E-14  0.386107373085228E+02  0.119570291672785E+08
  v     =   0.000000000000000E+00  0.000000000000000E+00  0.000000000000000E+00
  omega =   0.000000000000000E+00  0.000000000000000E+00  0.000000000000000E+00
  t     =   0.300000000000000E+03  0.300000000000000E+03  0.117964800000000E+09
      qv=  -0.363798518195653E-16  0.999122116528061E+00  0.326546988563692E+03
      qv=  -0.582078076538182E-15  0.100000000000003E+01  0.686110918597506E+03
      qv=   0.000000000000000E+00  0.000000000000000E+00  0.000000000000000E+00
      qv=   0.000000000000000E+00  0.000000000000000E+00  0.000000000000000E+00
      ps=   0.999958768744207E+05  0.100004363550980E+06  0.614399827558546E+09
      M =   0.101976716676049E+05 kg/m^2  0.100000000000000E+06 mb     
**DYNAMICS**        J/m^2                    W/m^2                W/m^2    
KE,d/dt        0.50675257032425E+07 -0.28172507882118E-08
IE,d/dt        0.30745980077829E+10  0.00000000000000E+00
PE,d/dt        0.00000000000000E+00  0.00000000000000E+00
 E,dE/dt       0.30796655334861E+10 -0.29802322387695E-08
Q1,Q diss, dQ^2/dt:  0.97734692558394E+01 kg/m^2  0.1233581E-17 -0.3933933E-05
Q2,Q diss, dQ^2/dt:  0.20127774153053E+02 kg/m^2 -0.2467162E-17 -0.1049498E-03
Q3,Q diss, dQ^2/dt:  0.00000000000000E+00 kg/m^2  0.0000000E+00  0.0000000E+00
Q4,Q diss, dQ^2/dt:  0.00000000000000E+00 kg/m^2  0.0000000E+00  0.0000000E+00
Energy Fixer, Physics (except adjustments):
dKE/dt(W/m^2):   0.0000000E+00  0.3519115E+04
dIE/dt(W/m^2):   0.0000000E+00  0.2135138E+07
dPE/dt(W/m^2):   0.0000000E+00  0.0000000E+00
 nstep=           8  time=  0.133333333333333       [day]
  u     =   0.236422579288009E-14  0.386107373085228E+02  0.119570291672785E+08
  v     =   0.000000000000000E+00  0.000000000000000E+00  0.000000000000000E+00
  omega =   0.000000000000000E+00  0.000000000000000E+00  0.000000000000000E+00
  t     =   0.300000000000000E+03  0.300000000000000E+03  0.117964800000000E+09
      qv=  -0.360956108741642E-16  0.999093542359781E+00  0.326680598845841E+03
      qv=  -0.582078143923363E-15  0.100000000000002E+01  0.685480951385459E+03
      qv=   0.000000000000000E+00  0.000000000000000E+00  0.000000000000000E+00
      qv=   0.000000000000000E+00  0.000000000000000E+00  0.000000000000000E+00
      ps=   0.999955228051059E+05  0.100005298591224E+06  0.614399733603215E+09
      M =   0.101976716676049E+05 kg/m^2  0.100000000000000E+06 mb     
**DYNAMICS**        J/m^2                    W/m^2                W/m^2    
KE,d/dt        0.50675257032381E+07 -0.30526684390174E-08
IE,d/dt        0.30745980077829E+10  0.00000000000000E+00
PE,d/dt        0.00000000000000E+00  0.00000000000000E+00
 E,dE/dt       0.30796655334861E+10 -0.29802322387695E-08
Q1,Q diss, dQ^2/dt:  0.97734692558394E+01 kg/m^2 -0.1233581E-17 -0.4123715E-05
Q2,Q diss, dQ^2/dt:  0.20127774153053E+02 kg/m^2  0.0000000E+00 -0.8988683E-04
Q3,Q diss, dQ^2/dt:  0.00000000000000E+00 kg/m^2  0.0000000E+00  0.0000000E+00
Q4,Q diss, dQ^2/dt:  0.00000000000000E+00 kg/m^2  0.0000000E+00  0.0000000E+00
Energy Fixer, Physics (except adjustments):
dKE/dt(W/m^2):   0.0000000E+00  0.3519115E+04
dIE/dt(W/m^2):   0.0000000E+00  0.2135138E+07
dPE/dt(W/m^2):   0.0000000E+00  0.0000000E+00
 nstep=           9  time=  0.150000000000000       [day]
  u     =   0.236422579288009E-14  0.386107373085228E+02  0.119570291672785E+08
  v     =   0.000000000000000E+00  0.000000000000000E+00  0.000000000000000E+00
  omega =   0.000000000000000E+00  0.000000000000000E+00  0.000000000000000E+00
  t     =   0.300000000000000E+03  0.300000000000000E+03  0.117964800000000E+09
      qv=  -0.363798113333189E-16  0.999078396658480E+00  0.326824115876343E+03
      qv=  -0.582078171948338E-15  0.100000000000002E+01  0.685201921175814E+03
      qv=   0.000000000000000E+00  0.000000000000000E+00  0.000000000000000E+00
      qv=   0.000000000000000E+00  0.000000000000000E+00  0.000000000000000E+00
      ps=   0.999952768342645E+05  0.100006210137969E+06  0.614399603416456E+09
      M =   0.101976716676049E+05 kg/m^2  0.100000000000000E+06 mb     
**DYNAMICS**        J/m^2                    W/m^2                W/m^2    
KE,d/dt        0.50675257032336E+07 -0.31852525555425E-08
IE,d/dt        0.30745980077829E+10  0.66227383083767E-09
PE,d/dt        0.00000000000000E+00  0.00000000000000E+00
 E,dE/dt       0.30796655334861E+10 -0.23179584079319E-08
Q1,Q diss, dQ^2/dt:  0.97734692558394E+01 kg/m^2  0.0000000E+00 -0.4283034E-05
Q2,Q diss, dQ^2/dt:  0.20127774153053E+02 kg/m^2  0.0000000E+00 -0.7836976E-04
Q3,Q diss, dQ^2/dt:  0.00000000000000E+00 kg/m^2  0.0000000E+00  0.0000000E+00
Q4,Q diss, dQ^2/dt:  0.00000000000000E+00 kg/m^2  0.0000000E+00  0.0000000E+00
Energy Fixer, Physics (except adjustments):
dKE/dt(W/m^2):   0.0000000E+00  0.3519115E+04
dIE/dt(W/m^2):   0.0000000E+00  0.2135138E+07
dPE/dt(W/m^2):   0.0000000E+00  0.0000000E+00
 nstep=          10  time=  0.166666666666667       [day]
  u     =   0.236422579288009E-14  0.386107373085228E+02  0.119570291672785E+08
  v     =   0.000000000000000E+00  0.000000000000000E+00  0.000000000000000E+00
  omega =   0.000000000000000E+00  0.000000000000000E+00  0.000000000000000E+00
  t     =   0.300000000000000E+03  0.300000000000000E+03  0.117964800000000E+09
      qv=  -0.363799965722167E-16  0.998892174936960E+00  0.326973044519410E+03
      qv=  -0.582078165062554E-15  0.100000000000003E+01  0.685285073569825E+03
      qv=   0.000000000000000E+00  0.000000000000000E+00  0.000000000000000E+00
      qv=   0.000000000000000E+00  0.000000000000000E+00  0.000000000000000E+00
      ps=   0.999951451073785E+05  0.100007057355481E+06  0.614399429350056E+09
      M =   0.101976716676049E+05 kg/m^2  0.100000000000000E+06 mb     
**DYNAMICS**        J/m^2                    W/m^2                W/m^2    
KE,d/dt        0.50675257032289E+07 -0.32182368967268E-08
IE,d/dt        0.30745980077829E+10  0.00000000000000E+00
PE,d/dt        0.00000000000000E+00  0.00000000000000E+00
 E,dE/dt       0.30796655334861E+10 -0.33113691541884E-08
Q1,Q diss, dQ^2/dt:  0.97734692558394E+01 kg/m^2  0.0000000E+00 -0.4593785E-05
Q2,Q diss, dQ^2/dt:  0.20127774153053E+02 kg/m^2  0.0000000E+00 -0.6730641E-04
Q3,Q diss, dQ^2/dt:  0.00000000000000E+00 kg/m^2  0.0000000E+00  0.0000000E+00
Q4,Q diss, dQ^2/dt:  0.00000000000000E+00 kg/m^2  0.0000000E+00  0.0000000E+00
Energy Fixer, Physics (except adjustments):
dKE/dt(W/m^2):   0.0000000E+00  0.3519115E+04
dIE/dt(W/m^2):   0.0000000E+00  0.2135138E+07
dPE/dt(W/m^2):   0.0000000E+00  0.0000000E+00
 Finished main timestepping loop          10
 closing history files
 writing timing data
 calling t_finalizef
 exiting program...
Wed Feb 11 12:53:35 MST 2015
